LEFT_PAREN ( 
RIGHT_PAREN ) 
LEFT_BRACE { 
RIGHT_BRACE } 
COMMA , 
DOT . 
MINUS - 
PLUS + 
SEMICOLON ; 
SLASH / 
STAR * 
BANG_EQUAL != 
EQUAL_EQUAL == 
EQUAL = 
BANG ! 
IDENTIFIER SPACE 
GREATER > 
GREATER_EQUAL >= 
LESS < 
LESS_EQUAL <= 
STRING "Yes Queen!" Yes Queen!
NUMBER 132 132.0
NUMBER 32.42 32.42
AND and 
CLASS class 
ELSE else 
FALSE false 
FUN fun 
FOR for 
IF if 
NIL nil 
OR or 
PRINT print 
RETURN return 
SUPER super 
THIS this 
TRUE true 
VAR var 
WHILE while 
EOF  
